6@94@Asyneuma japonicum@eudicots@Eukaryota@Asyneuma japonicum chloroplast, complete sequence@1.55e-25@128@69@92@85@97
12@100@Asyneuma japonicum@eudicots@Eukaryota@Asyneuma japonicum chloroplast, complete sequence@8.07e-14@89.8@48@60@56@60
15@95@Asyneuma japonicum@eudicots@Eukaryota@Asyneuma japonicum chloroplast, complete sequence@9.44e-28@135@73@91@85@95
315@94@Polygonatum kingianum@monocots@Eukaryota@Polygonatum kingianum voucher SNX60 chromosome 1 mitochondrion, complete sequence@9.16e-38@169@91@94@93@100
448@94@Campanula americana@eudicots@Eukaryota@Campanula americana clone Contig5 chloroplast sequence@1.97e-39@174@94@94@94@100
793@94@Asyneuma japonicum@eudicots@Eukaryota@Asyneuma japonicum chloroplast, complete sequence@3.32e-32@150@81@90@87@95
793@94@Asyneuma japonicum@eudicots@Eukaryota@Asyneuma japonicum chloroplast, complete sequence@3.32e-32@150@81@90@87@95
793@94@Asyneuma japonicum@eudicots@Eukaryota@Asyneuma japonicum chloroplast, complete sequence@1.55e-25@128@69@79@76@95
793@94@Asyneuma japonicum@eudicots@Eukaryota@Asyneuma japonicum chloroplast, complete sequence@1.55e-25@128@69@79@76@95
793@94@Asyneuma japonicum@eudicots@Eukaryota@Asyneuma japonicum chloroplast, complete sequence@4.35e-21@113@61@80@74@95
793@94@Asyneuma japonicum@eudicots@Eukaryota@Asyneuma japonicum chloroplast, complete sequence@4.35e-21@113@61@80@74@95
793@94@Asyneuma japonicum@eudicots@Eukaryota@Asyneuma japonicum chloroplast, complete sequence@2.07e-04@58.4@31@34@33@95
1266@94@Asyneuma japonicum@eudicots@Eukaryota@Asyneuma japonicum chloroplast, complete sequence@4.26e-36@163@88@94@92@100
1425@94@Frangula alnus@eudicots@Eukaryota@Frangula alnus genome assembly, chromosome: 1@2.64e-13@87.9@47@65@59@69
